client/src/components/cart/CartDrawer.tsx(46,46): error TS2339: Property 'imageUrl' does not exist on type '{ scentType: string | null; size: string | null; id: number; name: string; description: string | null; price: string; isActive: string | null; createdAt: Date | null; }'.
client/src/components/cart/CartDrawer.tsx(52,57): error TS2551: Property 'nameAr' does not exist on type '{ scentType: string | null; size: string | null; id: number; name: string; description: string | null; price: string; isActive: string | null; createdAt: Date | null; }'. Did you mean 'name'?
client/src/components/ui/ProductCard.tsx(13,40): error TS2551: Property 'nameAr' does not exist on type '{ scentType: string | null; size: string | null; id: number; name: string; description: string | null; price: string; isActive: string | null; createdAt: Date | null; }'. Did you mean 'name'?
client/src/components/ui/ProductCard.tsx(14,47): error TS2551: Property 'descriptionAr' does not exist on type '{ scentType: string | null; size: string | null; id: number; name: string; description: string | null; price: string; isActive: string | null; createdAt: Date | null; }'. Did you mean 'description'?
client/src/components/ui/ProductCard.tsx(15,27): error TS2339: Property 'price100ml' does not exist on type '{ scentType: string | null; size: string | null; id: number; name: string; description: string | null; price: string; isActive: string | null; createdAt: Date | null; }'.
client/src/components/ui/ProductCard.tsx(15,47): error TS2339: Property 'price50ml' does not exist on type '{ scentType: string | null; size: string | null; id: number; name: string; description: string | null; price: string; isActive: string | null; createdAt: Date | null; }'.
client/src/components/ui/ProductCard.tsx(15,66): error TS2339: Property 'price30ml' does not exist on type '{ scentType: string | null; size: string | null; id: number; name: string; description: string | null; price: string; isActive: string | null; createdAt: Date | null; }'.
client/src/components/ui/ProductCard.tsx(15,85): error TS2339: Property 'price8ml' does not exist on type '{ scentType: string | null; size: string | null; id: number; name: string; description: string | null; price: string; isActive: string | null; createdAt: Date | null; }'.
client/src/components/ui/ProductCard.tsx(17,31): error TS2339: Property 'price100ml' does not exist on type '{ scentType: string | null; size: string | null; id: number; name: string; description: string | null; price: string; isActive: string | null; createdAt: Date | null; }'.
client/src/components/ui/ProductCard.tsx(17,62): error TS2339: Property 'price50ml' does not exist on type '{ scentType: string | null; size: string | null; id: number; name: string; description: string | null; price: string; isActive: string | null; createdAt: Date | null; }'.
client/src/components/ui/ProductCard.tsx(17,91): error TS2339: Property 'price30ml' does not exist on type '{ scentType: string | null; size: string | null; id: number; name: string; description: string | null; price: string; isActive: string | null; createdAt: Date | null; }'.
client/src/components/ui/ProductCard.tsx(24,24): error TS2339: Property 'imageUrl' does not exist on type '{ scentType: string | null; size: string | null; id: number; name: string; description: string | null; price: string; isActive: string | null; createdAt: Date | null; }'.
client/src/components/ui/ProductCard.tsx(29,18): error TS2339: Property 'isBestSeller' does not exist on type '{ scentType: string | null; size: string | null; id: number; name: string; description: string | null; price: string; isActive: string | null; createdAt: Date | null; }'.
client/src/pages/Checkout.tsx(48,7): error TS2322: Type '{ productId: number; size: string; quantity: number; price: number; }[]' is not assignable to type '{ productId: number; quantity: number; priceAtPurchase: string; }[]'.
  Property 'priceAtPurchase' is missing in type '{ productId: number; size: string; quantity: number; price: number; }' but required in type '{ productId: number; quantity: number; priceAtPurchase: string; }'.
client/src/pages/Checkout.tsx(150,42): error TS2339: Property 'imageUrl' does not exist on type '{ scentType: string | null; size: string | null; id: number; name: string; description: string | null; price: string; isActive: string | null; createdAt: Date | null; }'.
client/src/pages/Checkout.tsx(152,98): error TS2551: Property 'nameAr' does not exist on type '{ scentType: string | null; size: string | null; id: number; name: string; description: string | null; price: string; isActive: string | null; createdAt: Date | null; }'. Did you mean 'name'?
client/src/pages/Home.tsx(12,47): error TS2339: Property 'isBestSeller' does not exist on type '{ scentType: string | null; size: string | null; id: number; name: string; description: string | null; price: string; isActive: string | null; createdAt: Date | null; }'.
client/src/pages/Product.tsx(22,36): error TS2339: Property 'price100ml' does not exist on type '{ scentType: string | null; size: string | null; id: number; name: string; description: string | null; price: string; isActive: string | null; createdAt: Date | null; }'.
client/src/pages/Product.tsx(23,35): error TS2339: Property 'price50ml' does not exist on type '{ scentType: string | null; size: string | null; id: number; name: string; description: string | null; price: string; isActive: string | null; createdAt: Date | null; }'.
client/src/pages/Product.tsx(24,35): error TS2339: Property 'price30ml' does not exist on type '{ scentType: string | null; size: string | null; id: number; name: string; description: string | null; price: string; isActive: string | null; createdAt: Date | null; }'.
client/src/pages/Product.tsx(25,34): error TS2339: Property 'price8ml' does not exist on type '{ scentType: string | null; size: string | null; id: number; name: string; description: string | null; price: string; isActive: string | null; createdAt: Date | null; }'.
client/src/pages/Product.tsx(54,40): error TS2551: Property 'nameAr' does not exist on type '{ scentType: string | null; size: string | null; id: number; name: string; description: string | null; price: string; isActive: string | null; createdAt: Date | null; }'. Did you mean 'name'?
client/src/pages/Product.tsx(55,47): error TS2551: Property 'descriptionAr' does not exist on type '{ scentType: string | null; size: string | null; id: number; name: string; description: string | null; price: string; isActive: string | null; createdAt: Date | null; }'. Did you mean 'description'?
client/src/pages/Product.tsx(56,46): error TS2339: Property 'category' does not exist on type '{ scentType: string | null; size: string | null; id: number; name: string; description: string | null; price: string; isActive: string | null; createdAt: Date | null; }'.
client/src/pages/Product.tsx(56,67): error TS2339: Property 'category' does not exist on type '{ scentType: string | null; size: string | null; id: number; name: string; description: string | null; price: string; isActive: string | null; createdAt: Date | null; }'.
client/src/pages/Product.tsx(79,28): error TS2339: Property 'imageUrl' does not exist on type '{ scentType: string | null; size: string | null; id: number; name: string; description: string | null; price: string; isActive: string | null; createdAt: Date | null; }'.
client/src/pages/Product.tsx(89,26): error TS2339: Property 'category' does not exist on type '{ scentType: string | null; size: string | null; id: number; name: string; description: string | null; price: string; isActive: string | null; createdAt: Date | null; }'.
client/src/pages/Product.tsx(92,26): error TS2339: Property 'gender' does not exist on type '{ scentType: string | null; size: string | null; id: number; name: string; description: string | null; price: string; isActive: string | null; createdAt: Date | null; }'.
client/src/pages/Product.tsx(132,23): error TS2339: Property 'notesTop' does not exist on type '{ scentType: string | null; size: string | null; id: number; name: string; description: string | null; price: string; isActive: string | null; createdAt: Date | null; }'.
client/src/pages/Product.tsx(132,43): error TS2339: Property 'notesHeart' does not exist on type '{ scentType: string | null; size: string | null; id: number; name: string; description: string | null; price: string; isActive: string | null; createdAt: Date | null; }'.
client/src/pages/Product.tsx(132,65): error TS2339: Property 'notesBase' does not exist on type '{ scentType: string | null; size: string | null; id: number; name: string; description: string | null; price: string; isActive: string | null; createdAt: Date | null; }'.
client/src/pages/Product.tsx(139,28): error TS2339: Property 'notesTop' does not exist on type '{ scentType: string | null; size: string | null; id: number; name: string; description: string | null; price: string; isActive: string | null; createdAt: Date | null; }'.
client/src/pages/Product.tsx(142,72): error TS2339: Property 'notesTop' does not exist on type '{ scentType: string | null; size: string | null; id: number; name: string; description: string | null; price: string; isActive: string | null; createdAt: Date | null; }'.
client/src/pages/Product.tsx(145,28): error TS2339: Property 'notesHeart' does not exist on type '{ scentType: string | null; size: string | null; id: number; name: string; description: string | null; price: string; isActive: string | null; createdAt: Date | null; }'.
client/src/pages/Product.tsx(148,72): error TS2339: Property 'notesHeart' does not exist on type '{ scentType: string | null; size: string | null; id: number; name: string; description: string | null; price: string; isActive: string | null; createdAt: Date | null; }'.
client/src/pages/Product.tsx(151,28): error TS2339: Property 'notesBase' does not exist on type '{ scentType: string | null; size: string | null; id: number; name: string; description: string | null; price: string; isActive: string | null; createdAt: Date | null; }'.
client/src/pages/Product.tsx(154,72): error TS2339: Property 'notesBase' does not exist on type '{ scentType: string | null; size: string | null; id: number; name: string; description: string | null; price: string; isActive: string | null; createdAt: Date | null; }'.
